###############################################################################
#
# IAR ELF Linker V8.20.1.14183/W32 for ARM                30/Nov/2017  17:47:35
# Copyright 2007-2017 IAR Systems AB.
#
#    Output file  =  
#        E:\Users\17657\Documents\GitHub\MotorContorlWithFilter\MCWFv1.0\EWARM\MCWFv1.0\Exe\MCWFv1.0.out
#    Map file     =  
#        E:\Users\17657\Documents\GitHub\MotorContorlWithFilter\MCWFv1.0\EWARM\MCWFv1.0\List\MCWFv1.0.map
#    Command line =  
#        -f C:\Users\17657\AppData\Local\Temp\EW617.tmp
#        (E:\Users\17657\Documents\GitHub\MotorContorlWithFilter\MCWFv1.0\EWARM\MCWFv1.0\Obj\BSP_Motor.o
#        E:\Users\17657\Documents\GitHub\MotorContorlWithFilter\MCWFv1.0\EWARM\MCWFv1.0\Obj\gpio.o
#        E:\Users\17657\Documents\GitHub\MotorContorlWithFilter\MCWFv1.0\EWARM\MCWFv1.0\Obj\main.o
#        E:\Users\17657\Documents\GitHub\MotorContorlWithFilter\MCWFv1.0\EWARM\MCWFv1.0\Obj\startup_stm32f103xe.o
#        E:\Users\17657\Documents\GitHub\MotorContorlWithFilter\MCWFv1.0\EWARM\MCWFv1.0\Obj\stm32f1xx_hal.o
#        E:\Users\17657\Documents\GitHub\MotorContorlWithFilter\MCWFv1.0\EWARM\MCWFv1.0\Obj\stm32f1xx_hal_cortex.o
#        E:\Users\17657\Documents\GitHub\MotorContorlWithFilter\MCWFv1.0\EWARM\MCWFv1.0\Obj\stm32f1xx_hal_dma.o
#        E:\Users\17657\Documents\GitHub\MotorContorlWithFilter\MCWFv1.0\EWARM\MCWFv1.0\Obj\stm32f1xx_hal_flash.o
#        E:\Users\17657\Documents\GitHub\MotorContorlWithFilter\MCWFv1.0\EWARM\MCWFv1.0\Obj\stm32f1xx_hal_flash_ex.o
#        E:\Users\17657\Documents\GitHub\MotorContorlWithFilter\MCWFv1.0\EWARM\MCWFv1.0\Obj\stm32f1xx_hal_gpio.o
#        E:\Users\17657\Documents\GitHub\MotorContorlWithFilter\MCWFv1.0\EWARM\MCWFv1.0\Obj\stm32f1xx_hal_gpio_ex.o
#        E:\Users\17657\Documents\GitHub\MotorContorlWithFilter\MCWFv1.0\EWARM\MCWFv1.0\Obj\stm32f1xx_hal_msp.o
#        E:\Users\17657\Documents\GitHub\MotorContorlWithFilter\MCWFv1.0\EWARM\MCWFv1.0\Obj\stm32f1xx_hal_pcd.o
#        E:\Users\17657\Documents\GitHub\MotorContorlWithFilter\MCWFv1.0\EWARM\MCWFv1.0\Obj\stm32f1xx_hal_pcd_ex.o
#        E:\Users\17657\Documents\GitHub\MotorContorlWithFilter\MCWFv1.0\EWARM\MCWFv1.0\Obj\stm32f1xx_hal_pwr.o
#        E:\Users\17657\Documents\GitHub\MotorContorlWithFilter\MCWFv1.0\EWARM\MCWFv1.0\Obj\stm32f1xx_hal_rcc.o
#        E:\Users\17657\Documents\GitHub\MotorContorlWithFilter\MCWFv1.0\EWARM\MCWFv1.0\Obj\stm32f1xx_hal_rcc_ex.o
#        E:\Users\17657\Documents\GitHub\MotorContorlWithFilter\MCWFv1.0\EWARM\MCWFv1.0\Obj\stm32f1xx_hal_tim.o
#        E:\Users\17657\Documents\GitHub\MotorContorlWithFilter\MCWFv1.0\EWARM\MCWFv1.0\Obj\stm32f1xx_hal_tim_ex.o
#        E:\Users\17657\Documents\GitHub\MotorContorlWithFilter\MCWFv1.0\EWARM\MCWFv1.0\Obj\stm32f1xx_it.o
#        E:\Users\17657\Documents\GitHub\MotorContorlWithFilter\MCWFv1.0\EWARM\MCWFv1.0\Obj\stm32f1xx_ll_usb.o
#        E:\Users\17657\Documents\GitHub\MotorContorlWithFilter\MCWFv1.0\EWARM\MCWFv1.0\Obj\system_stm32f1xx.o
#        E:\Users\17657\Documents\GitHub\MotorContorlWithFilter\MCWFv1.0\EWARM\MCWFv1.0\Obj\tim.o
#        E:\Users\17657\Documents\GitHub\MotorContorlWithFilter\MCWFv1.0\EWARM\MCWFv1.0\Obj\usb_device.o
#        E:\Users\17657\Documents\GitHub\MotorContorlWithFilter\MCWFv1.0\EWARM\MCWFv1.0\Obj\usbd_cdc.o
#        E:\Users\17657\Documents\GitHub\MotorContorlWithFilter\MCWFv1.0\EWARM\MCWFv1.0\Obj\usbd_cdc_if.o
#        E:\Users\17657\Documents\GitHub\MotorContorlWithFilter\MCWFv1.0\EWARM\MCWFv1.0\Obj\usbd_conf.o
#        E:\Users\17657\Documents\GitHub\MotorContorlWithFilter\MCWFv1.0\EWARM\MCWFv1.0\Obj\usbd_core.o
#        E:\Users\17657\Documents\GitHub\MotorContorlWithFilter\MCWFv1.0\EWARM\MCWFv1.0\Obj\usbd_ctlreq.o
#        E:\Users\17657\Documents\GitHub\MotorContorlWithFilter\MCWFv1.0\EWARM\MCWFv1.0\Obj\usbd_desc.o
#        E:\Users\17657\Documents\GitHub\MotorContorlWithFilter\MCWFv1.0\EWARM\MCWFv1.0\Obj\usbd_ioreq.o
#        --redirect _Printf=_PrintfFull --redirect _Scanf=_ScanfFull -o
#        E:\Users\17657\Documents\GitHub\MotorContorlWithFilter\MCWFv1.0\EWARM\MCWFv1.0\Exe\MCWFv1.0.out
#        --map
#        E:\Users\17657\Documents\GitHub\MotorContorlWithFilter\MCWFv1.0\EWARM\MCWFv1.0\List\MCWFv1.0.map
#        --config
#        E:\Users\17657\Documents\GitHub\MotorContorlWithFilter\MCWFv1.0\EWARM/stm32f103xe_flash.icf
#        --semihosting --entry __iar_program_start --vfe --text_out locale)
#
###############################################################################

*******************************************************************************
*** RUNTIME MODEL ATTRIBUTES
***

CppFlavor       = *
__SystemLibrary = DLib
__dlib_version  = 6


*******************************************************************************
*** HEAP SELECTION
***

The basic heap was selected because no calls to memory allocation
functions were found in the application outside of system library
functions, and there are calls to deallocation functions in the
application.


*******************************************************************************
*** PLACEMENT SUMMARY
***

"A0":  place at 0x08000000 { ro section .intvec };
"P1":  place in [from 0x08000000 to 0x0807ffff] { ro };
define block CSTACK with size = 1K, alignment = 8 { };
define block HEAP with size = 512, alignment = 8 { };
"P2":  place in [from 0x20000000 to 0x2000ffff] {
          rw, block CSTACK, block HEAP };
initialize by copy { rw };

  Section            Kind        Address    Size  Object
  -------            ----        -------    ----  ------
"A0":                                      0x130
  .intvec            ro code  0x08000000   0x130  startup_stm32f103xe.o [1]
                            - 0x08000130   0x130

"P1":                                     0x2cd5
  .text              ro code  0x08000130   0x6b2  stm32f1xx_hal_pcd.o [1]
  .text              ro code  0x080007e2    0x7a  lz77_init_single.o [4]
  .text              ro code  0x0800085c   0x280  usbd_conf.o [1]
  .text              ro code  0x08000adc   0x622  stm32f1xx_ll_usb.o [1]
  .text              ro code  0x08001100    0x86  ABImemcpy.o [4]
  .text              ro code  0x08001186   0x228  usbd_core.o [1]
  .text              ro code  0x080013b0    0xfa  main.o [1]
  .text              ro code  0x080014aa    0x30  stm32f1xx_hal_pcd_ex.o [1]
  .text              ro code  0x080014dc   0x3aa  usbd_ctlreq.o [1]
  .text              ro code  0x08001886    0x60  usbd_ioreq.o [1]
  .text              ro code  0x080018e8    0x24  stm32f1xx_hal.o [1]
  .text              ro code  0x0800190c    0xb2  gpio.o [1]
  .text              ro code  0x080019c0    0xe4  tim.o [1]
  .text              ro code  0x08001aa4    0x38  usb_device.o [1]
  .text              ro code  0x08001adc    0xe6  stm32f1xx_hal_cortex.o [1]
  .text              ro code  0x08001bc4   0x4b6  stm32f1xx_hal_rcc.o [1]
  .text              ro code  0x0800207c    0xe8  stm32f1xx_hal_rcc_ex.o [1]
  .text              ro code  0x08002164   0x1ec  stm32f1xx_hal_gpio.o [1]
  .text              ro code  0x08002350    0x28  stm32f1xx_hal.o [1]
  .text              ro code  0x08002378    0x8c  stm32f1xx_hal_msp.o [1]
  .text              ro code  0x08002404   0x354  stm32f1xx_hal_tim.o [1]
  .text              ro code  0x08002758    0x4a  stm32f1xx_hal_tim_ex.o [1]
  .text              ro code  0x080027a4   0x204  usbd_cdc.o [1]
  .text              ro code  0x080029a8     0xc  stm32f1xx_hal.o [1]
  .text              ro code  0x080029b4     0x2  stm32f1xx_hal_tim.o [1]
  .text              ro code  0x080029b6     0x2  stm32f1xx_hal_tim.o [1]
  .text              ro code  0x080029b8     0x2  stm32f1xx_hal_tim_ex.o [1]
  .text              ro code  0x080029ba     0x2  stm32f1xx_hal_tim.o [1]
  .text              ro code  0x080029bc     0x2  stm32f1xx_hal_tim_ex.o [1]
  .text              ro code  0x080029be     0x2  stm32f1xx_hal_tim.o [1]
  .text              ro code  0x080029c0    0xc0  usbd_desc.o [1]
  .text              ro code  0x08002a80    0x5c  system_stm32f1xx.o [1]
  .text              ro code  0x08002adc    0x44  usbd_cdc_if.o [1]
  .text              ro code  0x08002b20    0x40  zero_init3.o [4]
  .text              ro code  0x08002b60    0x34  stm32f1xx_it.o [1]
  .text              ro code  0x08002b94    0x10  stm32f1xx_hal.o [1]
  .text              ro code  0x08002ba4    0x28  data_init.o [4]
  .iar.init_table    const    0x08002bcc    0x20  - Linker created -
  .text              ro code  0x08002bec    0x1e  cmain.o [4]
  .text              ro code  0x08002c0a     0x4  low_level_init.o [3]
  .text              ro code  0x08002c0e     0x4  exit.o [3]
  .text              ro code  0x08002c14     0xa  cexit.o [4]
  .text              ro code  0x08002c20    0x14  exit.o [5]
  .text              ro code  0x08002c34    0x10  startup_stm32f103xe.o [1]
  .text              ro code  0x08002c44     0xc  cstartup_M.o [4]
  .text              ro code  0x08002c50     0x4  startup_stm32f103xe.o [1]
  .text              ro code  0x08002c54     0x4  startup_stm32f103xe.o [1]
  .text              ro code  0x08002c58     0x4  startup_stm32f103xe.o [1]
  .text              ro code  0x08002c5c     0x4  startup_stm32f103xe.o [1]
  .text              ro code  0x08002c60     0x4  startup_stm32f103xe.o [1]
  .text              ro code  0x08002c64     0x4  startup_stm32f103xe.o [1]
  .text              ro code  0x08002c68     0x4  startup_stm32f103xe.o [1]
  .text              ro code  0x08002c6c     0x4  startup_stm32f103xe.o [1]
  .text              ro code  0x08002c70     0x4  startup_stm32f103xe.o [1]
  .text              ro code  0x08002c74     0x4  startup_stm32f103xe.o [1]
  .text              ro code  0x08002c78     0x4  startup_stm32f103xe.o [1]
  .text              ro code  0x08002c7c     0x4  startup_stm32f103xe.o [1]
  .text              ro code  0x08002c80     0x4  startup_stm32f103xe.o [1]
  .text              ro code  0x08002c84     0x4  startup_stm32f103xe.o [1]
  .text              ro code  0x08002c88     0x4  startup_stm32f103xe.o [1]
  .text              ro code  0x08002c8c     0x4  startup_stm32f103xe.o [1]
  .text              ro code  0x08002c90     0x4  startup_stm32f103xe.o [1]
  .text              ro code  0x08002c94     0x4  startup_stm32f103xe.o [1]
  .text              ro code  0x08002c98     0x4  startup_stm32f103xe.o [1]
  .text              ro code  0x08002c9c     0x4  startup_stm32f103xe.o [1]
  .text              ro code  0x08002ca0     0x4  startup_stm32f103xe.o [1]
  .text              ro code  0x08002ca4     0x4  startup_stm32f103xe.o [1]
  .text              ro code  0x08002ca8     0x4  startup_stm32f103xe.o [1]
  .text              ro code  0x08002cac     0x4  startup_stm32f103xe.o [1]
  .text              ro code  0x08002cb0     0x4  startup_stm32f103xe.o [1]
  .text              ro code  0x08002cb4     0x4  startup_stm32f103xe.o [1]
  .text              ro code  0x08002cb8     0x4  startup_stm32f103xe.o [1]
  .text              ro code  0x08002cbc     0x4  startup_stm32f103xe.o [1]
  .text              ro code  0x08002cc0     0x4  startup_stm32f103xe.o [1]
  .text              ro code  0x08002cc4     0x4  startup_stm32f103xe.o [1]
  .text              ro code  0x08002cc8     0x4  startup_stm32f103xe.o [1]
  .text              ro code  0x08002ccc     0x4  startup_stm32f103xe.o [1]
  .text              ro code  0x08002cd0     0x4  startup_stm32f103xe.o [1]
  .text              ro code  0x08002cd4     0x4  startup_stm32f103xe.o [1]
  .text              ro code  0x08002cd8     0x4  startup_stm32f103xe.o [1]
  .text              ro code  0x08002cdc     0x4  startup_stm32f103xe.o [1]
  .text              ro code  0x08002ce0     0x4  startup_stm32f103xe.o [1]
  .text              ro code  0x08002ce4     0x4  startup_stm32f103xe.o [1]
  .text              ro code  0x08002ce8     0x4  startup_stm32f103xe.o [1]
  .text              ro code  0x08002cec     0x4  startup_stm32f103xe.o [1]
  .text              ro code  0x08002cf0     0x4  startup_stm32f103xe.o [1]
  .text              ro code  0x08002cf4     0x4  startup_stm32f103xe.o [1]
  .text              ro code  0x08002cf8     0x4  startup_stm32f103xe.o [1]
  .text              ro code  0x08002cfc     0x4  startup_stm32f103xe.o [1]
  .text              ro code  0x08002d00     0x4  startup_stm32f103xe.o [1]
  .text              ro code  0x08002d04     0x4  startup_stm32f103xe.o [1]
  .text              ro code  0x08002d08     0x4  startup_stm32f103xe.o [1]
  .text              ro code  0x08002d0c     0x4  startup_stm32f103xe.o [1]
  .text              ro code  0x08002d10     0x4  startup_stm32f103xe.o [1]
  .text              ro code  0x08002d14     0x4  startup_stm32f103xe.o [1]
  .text              ro code  0x08002d18     0x4  startup_stm32f103xe.o [1]
  .text              ro code  0x08002d1c     0x4  startup_stm32f103xe.o [1]
  .text              ro code  0x08002d20     0x4  startup_stm32f103xe.o [1]
  .text              ro code  0x08002d24     0x4  startup_stm32f103xe.o [1]
  .text              ro code  0x08002d28     0x4  startup_stm32f103xe.o [1]
  .text              ro code  0x08002d2c     0x4  startup_stm32f103xe.o [1]
  .text              ro code  0x08002d30     0x4  startup_stm32f103xe.o [1]
  .text              ro code  0x08002d34     0x4  startup_stm32f103xe.o [1]
  .rodata            const    0x08002d38     0x0  zero_init3.o [4]
  .rodata            const    0x08002d38     0x0  lz77_init_single.o [4]
  Initializer bytes  const    0x08002d38    0xcd  <for P2-1>
                            - 0x08002e05  0x2cd5

"P2", part 1 of 3:                         0x158
  P2-1                        0x20000000   0x158  <Init block>
    .data            inited   0x20000000     0x4  system_stm32f1xx.o [1]
    .data            inited   0x20000004     0xc  usbd_cdc.o [1]
    .data            inited   0x20000010    0x38  usbd_cdc.o [1]
    .data            inited   0x20000048    0x44  usbd_cdc.o [1]
    .data            inited   0x2000008c    0x44  usbd_cdc.o [1]
    .data            inited   0x200000d0    0x44  usbd_cdc.o [1]
    .data            inited   0x20000114    0x10  usbd_cdc_if.o [1]
    .data            inited   0x20000124    0x1c  usbd_desc.o [1]
    .data            inited   0x20000140    0x14  usbd_desc.o [1]
    .data            inited   0x20000154     0x4  usbd_desc.o [1]
                            - 0x20000158   0x158

"P2", part 2 of 3:                        0x1aec
  .bss               zero     0x20000158  0x1000  usbd_cdc_if.o [1]
  .bss               zero     0x20001158   0x460  usbd_conf.o [1]
  .bss               zero     0x200015b8   0x224  usb_device.o [1]
  .bss               zero     0x200017dc   0x220  usbd_conf.o [1]
  .bss               zero     0x200019fc   0x200  usbd_desc.o [1]
  .bss               zero     0x20001bfc    0x40  tim.o [1]
  .bss               zero     0x20001c3c     0x4  stm32f1xx_hal.o [1]
  .bss               zero     0x20001c40     0x2  main.o [1]
  .bss               zero     0x20001c42     0x1  usbd_cdc.o [1]
  .bss               zero     0x20001c43     0x1  usbd_ctlreq.o [1]
                            - 0x20001c44  0x1aec

"P2", part 3 of 3:                         0x400
  CSTACK                      0x20001c48   0x400  <Block>
    CSTACK           uninit   0x20001c48   0x400  <Block tail>
                            - 0x20002048   0x400


*******************************************************************************
*** INIT TABLE
***

          Address     Size
          -------     ----
Zero (__iar_zero_init3)
    1 destination range, total size 0x1aec:
          0x20000158  0x1aec

Copy/lz77 (__iar_lz77_init_single3)
    1 source range, total size 0xcd (59% of destination):
          0x08002d38    0xcd
    1 destination range, total size 0x158:
          0x20000000   0x158



*******************************************************************************
*** MODULE SUMMARY
***

    Module                  ro code  ro data  rw data
    ------                  -------  -------  -------
E:\Users\17657\Documents\GitHub\MotorContorlWithFilter\MCWFv1.0\EWARM\MCWFv1.0\Obj: [1]
    gpio.o                      178
    main.o                      250                 2
    startup_stm32f103xe.o       552
    stm32f1xx_hal.o             104                 4
    stm32f1xx_hal_cortex.o      230
    stm32f1xx_hal_gpio.o        492
    stm32f1xx_hal_msp.o         140
    stm32f1xx_hal_pcd.o       1 714
    stm32f1xx_hal_pcd_ex.o       48
    stm32f1xx_hal_rcc.o       1 206
    stm32f1xx_hal_rcc_ex.o      232
    stm32f1xx_hal_tim.o         860
    stm32f1xx_hal_tim_ex.o       78
    stm32f1xx_it.o               52
    stm32f1xx_ll_usb.o        1 570
    system_stm32f1xx.o           92        2        4
    tim.o                       228                64
    usb_device.o                 56               548
    usbd_cdc.o                  516      162      273
    usbd_cdc_if.o                68       10    4 112
    usbd_conf.o                 640             1 664
    usbd_core.o                 552
    usbd_ctlreq.o               938                 1
    usbd_desc.o                 192       30      564
    usbd_ioreq.o                 96
    -------------------------------------------------
    Total:                   11 084      204    7 236

command line: [2]
    -------------------------------------------------
    Total:

dl7M_tlf.a: [3]
    exit.o                        4
    low_level_init.o              4
    -------------------------------------------------
    Total:                        8

rt7M_tl.a: [4]
    ABImemcpy.o                 134
    cexit.o                      10
    cmain.o                      30
    cstartup_M.o                 12
    data_init.o                  40
    lz77_init_single.o          122
    zero_init3.o                 64
    -------------------------------------------------
    Total:                      412

shb_l.a: [5]
    exit.o                       20
    -------------------------------------------------
    Total:                       20

    Gaps                         20
    Linker created                        33    1 024
-----------------------------------------------------
    Grand Total:             11 544      237    8 260


*******************************************************************************
*** ENTRY LIST
***

Entry                      Address   Size  Type      Object
-----                      -------   ----  ----      ------
.iar.init_table$$Base   0x08002bcc          --   Gb  - Linker created -
.iar.init_table$$Limit  0x08002bec          --   Gb  - Linker created -
?main                   0x08002bed         Code  Gb  cmain.o [4]
AHBPrescTable           0x08002acc   0x10  Data  Gb  system_stm32f1xx.o [1]
BusFault_Handler        0x08002b67    0x2  Code  Gb  stm32f1xx_it.o [1]
CDC_Control_FS          0x08002aff    0x4  Code  Lc  usbd_cdc_if.o [1]
CDC_DeInit_FS           0x08002afb    0x4  Code  Lc  usbd_cdc_if.o [1]
CDC_Init_FS             0x08002add   0x1e  Code  Lc  usbd_cdc_if.o [1]
CDC_Receive_FS          0x08002b03   0x16  Code  Lc  usbd_cdc_if.o [1]
CSTACK$$Base            0x20001c48          --   Gb  - Linker created -
CSTACK$$Limit           0x20002048          --   Gb  - Linker created -
DebugMon_Handler        0x08002b6d    0x2  Code  Gb  stm32f1xx_it.o [1]
FS_Desc                 0x20000124   0x1c  Data  Gb  usbd_desc.o [1]
HAL_GPIO_Init           0x08002165  0x196  Code  Gb  stm32f1xx_hal_gpio.o [1]
HAL_GPIO_ReadPin        0x080022fb    0xc  Code  Gb  stm32f1xx_hal_gpio.o [1]
HAL_GPIO_WritePin       0x08002307    0xc  Code  Gb  stm32f1xx_hal_gpio.o [1]
HAL_GetTick             0x080029a9    0xc  Code  Wk  stm32f1xx_hal.o [1]
HAL_IncTick             0x08002b95   0x10  Code  Wk  stm32f1xx_hal.o [1]
HAL_Init                0x080018e9   0x20  Code  Gb  stm32f1xx_hal.o [1]
HAL_InitTick            0x08002351   0x28  Code  Wk  stm32f1xx_hal.o [1]
HAL_MspInit             0x08002379   0x8c  Code  Gb  stm32f1xx_hal_msp.o [1]
HAL_NVIC_EnableIRQ      0x08001b4f    0xa  Code  Gb  stm32f1xx_hal_cortex.o [1]
HAL_NVIC_SetPriority    0x08001b15   0x3a  Code  Gb  stm32f1xx_hal_cortex.o [1]
HAL_NVIC_SetPriorityGrouping
                        0x08001afb   0x1a  Code  Gb  stm32f1xx_hal_cortex.o [1]
HAL_PCDEx_PMAConfig     0x080014ab   0x30  Code  Gb  stm32f1xx_hal_pcd_ex.o [1]
HAL_PCDEx_SetConnectionState
                        0x08000a8b    0x2  Code  Gb  usbd_conf.o [1]
HAL_PCD_DataInStageCallback
                        0x0800089b    0xe  Code  Gb  usbd_conf.o [1]
HAL_PCD_DataOutStageCallback
                        0x0800088b   0x10  Code  Gb  usbd_conf.o [1]
HAL_PCD_EP_Close        0x08000379   0x30  Code  Gb  stm32f1xx_hal_pcd.o [1]
HAL_PCD_EP_ClrStall     0x08000475   0x42  Code  Gb  stm32f1xx_hal_pcd.o [1]
HAL_PCD_EP_GetRxCount   0x080003d9   0x10  Code  Gb  stm32f1xx_hal_pcd.o [1]
HAL_PCD_EP_Open         0x08000345   0x34  Code  Gb  stm32f1xx_hal_pcd.o [1]
HAL_PCD_EP_Receive      0x080003c1   0x18  Code  Gb  stm32f1xx_hal_pcd.o [1]
HAL_PCD_EP_SetStall     0x0800041b   0x5a  Code  Gb  stm32f1xx_hal_pcd.o [1]
HAL_PCD_EP_Transmit     0x080003e9   0x18  Code  Gb  stm32f1xx_hal_pcd.o [1]
HAL_PCD_IRQHandler      0x080001f9   0xfa  Code  Gb  stm32f1xx_hal_pcd.o [1]
HAL_PCD_Init            0x08000131   0xa0  Code  Gb  stm32f1xx_hal_pcd.o [1]
HAL_PCD_MspInit         0x0800085d   0x22  Code  Gb  usbd_conf.o [1]
HAL_PCD_ResetCallback   0x080008b1   0x1a  Code  Gb  usbd_conf.o [1]
HAL_PCD_ResumeCallback  0x080008e7    0x8  Code  Gb  usbd_conf.o [1]
HAL_PCD_SOFCallback     0x080008a9    0x8  Code  Gb  usbd_conf.o [1]
HAL_PCD_SetAddress      0x08000327   0x1e  Code  Gb  stm32f1xx_hal_pcd.o [1]
HAL_PCD_SetupStageCallback
                        0x0800087f    0xc  Code  Gb  usbd_conf.o [1]
HAL_PCD_Start           0x080001db   0x1e  Code  Gb  stm32f1xx_hal_pcd.o [1]
HAL_PCD_SuspendCallback
                        0x080008cb   0x1c  Code  Gb  usbd_conf.o [1]
HAL_RCCEx_PeriphCLKConfig
                        0x0800207d   0xda  Code  Gb  stm32f1xx_hal_rcc_ex.o [1]
HAL_RCC_ClockConfig     0x08001ee1  0x10c  Code  Gb  stm32f1xx_hal_rcc.o [1]
HAL_RCC_GetHCLKFreq     0x0800203b    0x6  Code  Gb  stm32f1xx_hal_rcc.o [1]
HAL_RCC_GetSysClockFreq
                        0x08002001   0x3a  Code  Gb  stm32f1xx_hal_rcc.o [1]
HAL_RCC_GetSysClockFreq::aPLLMULFactorTable
                        0x08002068   0x10  Data  Lc  stm32f1xx_hal_rcc.o [1]
HAL_RCC_GetSysClockFreq::aPredivFactorTable
                        0x08002078    0x2  Data  Lc  stm32f1xx_hal_rcc.o [1]
HAL_RCC_OscConfig       0x08001bc5  0x314  Code  Gb  stm32f1xx_hal_rcc.o [1]
HAL_SYSTICK_CLKSourceConfig
                        0x08001b8b   0x1a  Code  Gb  stm32f1xx_hal_cortex.o [1]
HAL_SYSTICK_Config      0x08001b63   0x28  Code  Gb  stm32f1xx_hal_cortex.o [1]
HAL_SYSTICK_IRQHandler  0x08001bbd    0x4  Code  Gb  stm32f1xx_hal_cortex.o [1]
HAL_TIMEx_BreakCallback
                        0x080029b9    0x2  Code  Wk  stm32f1xx_hal_tim_ex.o [1]
HAL_TIMEx_CommutationCallback
                        0x080029bd    0x2  Code  Wk  stm32f1xx_hal_tim_ex.o [1]
HAL_TIMEx_MasterConfigSynchronization
                        0x08002759   0x4a  Code  Gb  stm32f1xx_hal_tim_ex.o [1]
HAL_TIM_Base_Init       0x08002405   0x1a  Code  Gb  stm32f1xx_hal_tim.o [1]
HAL_TIM_Base_MspInit    0x08001a29   0x22  Code  Gb  tim.o [1]
HAL_TIM_ConfigClockSource
                        0x0800258b   0xac  Code  Gb  stm32f1xx_hal_tim.o [1]
HAL_TIM_IRQHandler      0x08002443  0x142  Code  Gb  stm32f1xx_hal_tim.o [1]
HAL_TIM_PeriodElapsedCallback
                        0x0800146f   0x2c  Code  Gb  main.o [1]
HardFault_Handler       0x08002b63    0x2  Code  Gb  stm32f1xx_it.o [1]
MX_GPIO_Init            0x0800190d   0x98  Code  Gb  gpio.o [1]
MX_TIM4_Init            0x080019c1   0x68  Code  Gb  tim.o [1]
MX_USB_DEVICE_Init      0x08001aa5   0x38  Code  Gb  usb_device.o [1]
MemManage_Handler       0x08002b65    0x2  Code  Gb  stm32f1xx_it.o [1]
NMI_Handler             0x08002b61    0x2  Code  Gb  stm32f1xx_it.o [1]
NVIC_SetPriority        0x08001add   0x1e  Code  Lc  stm32f1xx_hal_cortex.o [1]
PCD_EP_ISR_Handler      0x080004bf  0x2e8  Code  Lc  stm32f1xx_hal_pcd.o [1]
PendSV_Handler          0x08002b6f    0x2  Code  Gb  stm32f1xx_it.o [1]
Region$$Table$$Base     0x08002bcc          --   Gb  - Linker created -
Region$$Table$$Limit    0x08002bec          --   Gb  - Linker created -
SVC_Handler             0x08002b6b    0x2  Code  Gb  stm32f1xx_it.o [1]
SysTick_Handler         0x08002b71    0xe  Code  Gb  stm32f1xx_it.o [1]
SystemClock_Config      0x080013e9   0x86  Code  Gb  main.o [1]
SystemCoreClock         0x20000000    0x4  Data  Gb  system_stm32f1xx.o [1]
SystemInit              0x08002a81   0x3a  Code  Gb  system_stm32f1xx.o [1]
TIM4_IRQHandler         0x08002b85    0x6  Code  Gb  stm32f1xx_it.o [1]
TIM_Base_SetConfig      0x08002661   0x74  Code  Gb  stm32f1xx_hal_tim.o [1]
TIM_ETR_SetConfig       0x0800273f   0x14  Code  Lc  stm32f1xx_hal_tim.o [1]
TIM_ITRx_SetConfig      0x0800272f   0x10  Code  Lc  stm32f1xx_hal_tim.o [1]
TIM_TI1_ConfigInputStage
                        0x080026ed   0x1e  Code  Lc  stm32f1xx_hal_tim.o [1]
TIM_TI2_ConfigInputStage
                        0x0800270b   0x24  Code  Lc  stm32f1xx_hal_tim.o [1]
USBD_CDC                0x20000010   0x38  Data  Gb  usbd_cdc.o [1]
USBD_CDC_CfgFSDesc      0x2000008c   0x44  Data  Gb  usbd_cdc.o [1]
USBD_CDC_CfgHSDesc      0x20000048   0x44  Data  Gb  usbd_cdc.o [1]
USBD_CDC_DataIn         0x080028bf   0x14  Code  Lc  usbd_cdc.o [1]
USBD_CDC_DataOut        0x080028d3   0x2a  Code  Lc  usbd_cdc.o [1]
USBD_CDC_DeInit         0x08002823   0x36  Code  Lc  usbd_cdc.o [1]
USBD_CDC_DeviceQualifierDesc
                        0x20000004    0xc  Data  Lc  usbd_cdc.o [1]
USBD_CDC_EP0_RxReady    0x080028fd   0x26  Code  Lc  usbd_cdc.o [1]
USBD_CDC_GetDeviceQualifierDescriptor
                        0x0800293b    0x8  Code  Gb  usbd_cdc.o [1]
USBD_CDC_GetFSCfgDesc   0x08002923    0x8  Code  Lc  usbd_cdc.o [1]
USBD_CDC_GetHSCfgDesc   0x0800292b    0x8  Code  Lc  usbd_cdc.o [1]
USBD_CDC_GetOtherSpeedCfgDesc
                        0x08002933    0x8  Code  Lc  usbd_cdc.o [1]
USBD_CDC_Init           0x080027a5   0x74  Code  Lc  usbd_cdc.o [1]
USBD_CDC_OtherSpeedCfgDesc
                        0x200000d0   0x44  Data  Gb  usbd_cdc.o [1]
USBD_CDC_ReceivePacket  0x08002983   0x26  Code  Gb  usbd_cdc.o [1]
USBD_CDC_RegisterInterface
                        0x08002959    0xe  Code  Gb  usbd_cdc.o [1]
USBD_CDC_SetRxBuffer    0x08002977    0xc  Code  Gb  usbd_cdc.o [1]
USBD_CDC_SetTxBuffer    0x08002967   0x10  Code  Gb  usbd_cdc.o [1]
USBD_CDC_Setup          0x08002859   0x66  Code  Lc  usbd_cdc.o [1]
USBD_CDC_Setup::ifalt   0x20001c42    0x1  Data  Lc  usbd_cdc.o [1]
USBD_ClrClassConfig     0x080011dd    0xa  Code  Gb  usbd_core.o [1]
USBD_CtlContinueRx      0x080018bb    0x4  Code  Gb  usbd_ioreq.o [1]
USBD_CtlContinueSendData
                        0x08001897    0x4  Code  Gb  usbd_ioreq.o [1]
USBD_CtlError           0x0800182b   0x16  Code  Gb  usbd_ctlreq.o [1]
USBD_CtlPrepareRx       0x080018a7   0x14  Code  Gb  usbd_ioreq.o [1]
USBD_CtlReceiveStatus   0x080018d9    0xe  Code  Gb  usbd_ioreq.o [1]
USBD_CtlSendData        0x08001887   0x10  Code  Gb  usbd_ioreq.o [1]
USBD_CtlSendStatus      0x080018cb    0xe  Code  Gb  usbd_ioreq.o [1]
USBD_FS_ConfigStrDescriptor
                        0x08002a11    0xc  Code  Gb  usbd_desc.o [1]
USBD_FS_DeviceDesc      0x20000140   0x14  Data  Gb  usbd_desc.o [1]
USBD_FS_DeviceDescriptor
                        0x080029c1    0x8  Code  Gb  usbd_desc.o [1]
USBD_FS_InterfaceStrDescriptor
                        0x08002a1d    0xc  Code  Gb  usbd_desc.o [1]
USBD_FS_LangIDStrDescriptor
                        0x080029c9    0x8  Code  Gb  usbd_desc.o [1]
USBD_FS_ManufacturerStrDescriptor
                        0x080029dd    0xa  Code  Gb  usbd_desc.o [1]
USBD_FS_ProductStrDescriptor
                        0x080029d1    0xc  Code  Gb  usbd_desc.o [1]
USBD_FS_SerialStrDescriptor
                        0x080029f1    0xc  Code  Gb  usbd_desc.o [1]
USBD_GetDescriptor      0x0800170d   0xf0  Code  Lc  usbd_ctlreq.o [1]
USBD_GetString          0x08001841   0x46  Code  Gb  usbd_ctlreq.o [1]
USBD_Init               0x08001187   0x26  Code  Gb  usbd_core.o [1]
USBD_Interface_fops_FS  0x20000114   0x10  Data  Gb  usbd_cdc_if.o [1]
USBD_LL_ClearStallEP    0x080009e3   0x1a  Code  Gb  usbd_conf.o [1]
USBD_LL_CloseEP         0x080009af   0x1a  Code  Gb  usbd_conf.o [1]
USBD_LL_DataInStage     0x0800129f   0x94  Code  Gb  usbd_core.o [1]
USBD_LL_DataOutStage    0x0800123d   0x62  Code  Gb  usbd_core.o [1]
USBD_LL_GetRxDataSize   0x08000a69    0x8  Code  Gb  usbd_conf.o [1]
USBD_LL_Init            0x080008ef   0x86  Code  Gb  usbd_conf.o [1]
USBD_LL_IsStallEP       0x080009fd   0x1e  Code  Gb  usbd_conf.o [1]
USBD_LL_OpenEP          0x0800098f   0x20  Code  Gb  usbd_conf.o [1]
USBD_LL_PrepareReceive  0x08000a4f   0x1a  Code  Gb  usbd_conf.o [1]
USBD_LL_Reset           0x08001333   0x40  Code  Gb  usbd_core.o [1]
USBD_LL_Resume          0x08001385    0x6  Code  Gb  usbd_core.o [1]
USBD_LL_SOF             0x08001391   0x18  Code  Gb  usbd_core.o [1]
USBD_LL_SetSpeed        0x08001373    0x6  Code  Gb  usbd_core.o [1]
USBD_LL_SetUSBAddress   0x08000a1b   0x1a  Code  Gb  usbd_conf.o [1]
USBD_LL_SetupStage      0x080011e7   0x56  Code  Gb  usbd_core.o [1]
USBD_LL_StallEP         0x080009c9   0x1a  Code  Gb  usbd_conf.o [1]
USBD_LL_Start           0x08000975   0x1a  Code  Gb  usbd_conf.o [1]
USBD_LL_Suspend         0x08001379    0xc  Code  Gb  usbd_core.o [1]
USBD_LL_Transmit        0x08000a35   0x1a  Code  Gb  usbd_conf.o [1]
USBD_LangIDDesc         0x20000154    0x4  Data  Gb  usbd_desc.o [1]
USBD_ParseSetupRequest  0x08001803   0x28  Code  Gb  usbd_ctlreq.o [1]
USBD_RegisterClass      0x080011ad   0x10  Code  Gb  usbd_core.o [1]
USBD_SetClassConfig     0x080011c7   0x16  Code  Gb  usbd_core.o [1]
USBD_SetConfig::cfgidx  0x20001c43    0x1  Data  Lc  usbd_ctlreq.o [1]
USBD_Start              0x080011bd    0xa  Code  Gb  usbd_core.o [1]
USBD_StdDevReq          0x080014dd  0x12a  Code  Gb  usbd_ctlreq.o [1]
USBD_StdEPReq           0x08001645   0xbc  Code  Gb  usbd_ctlreq.o [1]
USBD_StdItfReq          0x0800160d   0x32  Code  Gb  usbd_ctlreq.o [1]
USBD_StrDesc            0x200019fc  0x200  Data  Gb  usbd_desc.o [1]
USBD_static_free        0x08000a89    0x2  Code  Gb  usbd_conf.o [1]
USBD_static_malloc      0x08000a71    0x4  Code  Gb  usbd_conf.o [1]
USBD_static_malloc::mem
                        0x200017dc  0x220  Data  Lc  usbd_conf.o [1]
USB_ActivateEndpoint    0x08000b19  0x206  Code  Gb  stm32f1xx_ll_usb.o [1]
USB_CoreInit            0x08000add    0x4  Code  Gb  stm32f1xx_ll_usb.o [1]
USB_DeactivateEndpoint  0x08000d4d   0xd0  Code  Gb  stm32f1xx_ll_usb.o [1]
USB_DevConnect          0x0800109b    0x4  Code  Gb  stm32f1xx_ll_usb.o [1]
USB_DevDisconnect       0x0800109f    0x4  Code  Gb  stm32f1xx_ll_usb.o [1]
USB_DevInit             0x08000af9   0x18  Code  Gb  stm32f1xx_ll_usb.o [1]
USB_DisableGlobalInt    0x08000aeb    0xa  Code  Gb  stm32f1xx_ll_usb.o [1]
USB_EP0_OutStart        0x080010a9    0x4  Code  Gb  stm32f1xx_ll_usb.o [1]
USB_EPClearStall        0x0800101f   0x70  Code  Gb  stm32f1xx_ll_usb.o [1]
USB_EPSetStall          0x08000fd5   0x4a  Code  Gb  stm32f1xx_ll_usb.o [1]
USB_EPStartXfer         0x08000e4b  0x152  Code  Gb  stm32f1xx_ll_usb.o [1]
USB_EnableGlobalInt     0x08000ae1    0xa  Code  Gb  stm32f1xx_ll_usb.o [1]
USB_LP_CAN1_RX0_IRQHandler
                        0x08002b7f    0x6  Code  Gb  stm32f1xx_it.o [1]
USB_ReadInterrupts      0x080010a3    0x6  Code  Gb  stm32f1xx_ll_usb.o [1]
USB_ReadPMA             0x080010e3   0x1c  Code  Gb  stm32f1xx_ll_usb.o [1]
USB_SetCurrentMode      0x08000af5    0x4  Code  Gb  stm32f1xx_ll_usb.o [1]
USB_SetDevAddress       0x0800108f    0xc  Code  Gb  stm32f1xx_ll_usb.o [1]
USB_WritePMA            0x080010bf   0x24  Code  Gb  stm32f1xx_ll_usb.o [1]
UsageFault_Handler      0x08002b69    0x2  Code  Gb  stm32f1xx_it.o [1]
UserRxBufferFS          0x20000158  0x800  Data  Gb  usbd_cdc_if.o [1]
UserTxBufferFS          0x20000958  0x800  Data  Gb  usbd_cdc_if.o [1]
_Error_Handler          0x080014a9    0x2  Code  Gb  main.o [1]
__aeabi_memcpy4         0x08001101         Code  Gb  ABImemcpy.o [4]
__aeabi_memcpy8         0x08001101         Code  Gb  ABImemcpy.o [4]
__cmain                 0x08002bed         Code  Gb  cmain.o [4]
__exit                  0x08002c21   0x14  Code  Gb  exit.o [5]
__iar_data_init3        0x08002ba5   0x28  Code  Gb  data_init.o [4]
__iar_lz77_init_single3
                        0x080007e3   0x7a  Code  Gb  lz77_init_single.o [4]
__iar_program_start     0x08002c45         Code  Gb  cstartup_M.o [4]
__iar_systems$$module {Abs}
                        0x00000001         Data  Gb  command line/config [2]
__iar_zero_init3        0x08002b21   0x40  Code  Gb  zero_init3.o [4]
__low_level_init        0x08002c0b    0x4  Code  Gb  low_level_init.o [3]
__vector_table          0x08000000         Data  Gb  startup_stm32f103xe.o [1]
_call_main              0x08002bf9         Code  Gb  cmain.o [4]
_exit                   0x08002c15         Code  Gb  cexit.o [4]
_main                   0x08002c07         Code  Gb  cmain.o [4]
exit                    0x08002c0f    0x4  Code  Gb  exit.o [3]
gHorCurrentReadVal      0x20001c41    0x1  Data  Gb  main.o [1]
gVerCurrentReadVal      0x20001c40    0x1  Data  Gb  main.o [1]
hUsbDeviceFS            0x200015b8  0x224  Data  Gb  usb_device.o [1]
hpcd_USB_FS             0x20001158  0x460  Data  Gb  usbd_conf.o [1]
htim4                   0x20001bfc   0x40  Data  Gb  tim.o [1]
main                    0x080013b1   0x38  Code  Gb  main.o [1]
uwTick                  0x20001c3c    0x4  Data  Gb  stm32f1xx_hal.o [1]


[1] = E:\Users\17657\Documents\GitHub\MotorContorlWithFilter\MCWFv1.0\EWARM\MCWFv1.0\Obj
[2] = command line
[3] = dl7M_tlf.a
[4] = rt7M_tl.a
[5] = shb_l.a

  11 544 bytes of readonly  code memory
     237 bytes of readonly  data memory
   8 260 bytes of readwrite data memory

Errors: none
Warnings: none
